Press RETURN to get started!


%LINK-5-CHANGED: Interface FastEthernet0/2, changed state to up

%LINEPROTO-5-UPDOWN: Line protocol on Interface FastEthernet0/2, changed state to up

%LINK-5-CHANGED: Interface FastEthernet0/4, changed state to up

%LINEPROTO-5-UPDOWN: Line protocol on Interface FastEthernet0/4, changed state to up

%LINK-5-CHANGED: Interface FastEthernet0/1, changed state to up

%LINEPROTO-5-UPDOWN: Line protocol on Interface FastEthernet0/1, changed state to up

%LINK-5-CHANGED: Interface FastEthernet0/3, changed state to up

%LINEPROTO-5-UPDOWN: Line protocol on Interface FastEthernet0/3, changed state to up


Switch>
Switch>
Switch>
Switch>
Switch>
Switch>ena
Switch#conf t
Enter configuration commands, one per line.  End with CNTL/Z.
Switch(config)#
Switch(config)#
Switch(config)#
Switch(config)#hostname JUANITO
JUANITO(config)#VLAN 100
JUANITO(config-vlan)#name BUENOS
JUANITO(config-vlan)#
JUANITO(config-vlan)#
JUANITO(config-vlan)#VLAN 200
JUANITO(config-vlan)#name MALOS
JUANITO(config-vlan)#exit
JUANITO(config)#int range fa 0/2, fa 0/4, fa 0/6, fa 0/8, fa 0/10
JUANITO(config-if-range)#sw
JUANITO(config-if-range)#switchport access vlan 100
JUANITO(config-if-range)#sw
JUANITO(config-if-range)#switchport mode access
JUANITO(config-if-range)#exit
JUANITO(config)#
JUANITO(config)#
JUANITO(config)#int range fa 0/3, fa 0/5, fa 0/7, fa 0/9, fa 0/11, fa 0/1
JUANITO#
%SYS-5-CONFIG_I: Configured from console by console

JUANITO#conf t
Enter configuration commands, one per line.  End with CNTL/Z.
JUANITO(config)#int range fa 0/3, fa 0/5, fa 0/7, fa 0/9, fa 0/11, fa 0/1
JUANITO(config-if-range)#sw
JUANITO(config-if-range)#switchport mo
JUANITO(config-if-range)#switchport mode acc
JUANITO(config-if-range)#switchport mode access 
JUANITO(config-if-range)#sw
JUANITO(config-if-range)#switchport acc
% Incomplete command.
JUANITO(config-if-range)#switchport acc
JUANITO(config-if-range)#switchport access vlan 200
JUANITO(config-if-range)#exit
JUANITO(config)#show vlan brief
                 ^
% Invalid input detected at '^' marker.
	
JUANITO(config)#show vlan bf
                 ^
% Invalid input detected at '^' marker.
	
JUANITO(config)#show vlan brief
                 ^
% Invalid input detected at '^' marker.
	
JUANITO(config)#sh vlan brief
                 ^
% Invalid input detected at '^' marker.
	
JUANITO(config)#exit
JUANITO#
%SYS-5-CONFIG_I: Configured from console by console

JUANITO#sh vlan brief

VLAN Name                             Status    Ports
---- -------------------------------- --------- -------------------------------
1    default                          active    Fa0/12, Fa0/13, Fa0/14, Fa0/15
                                                Fa0/16, Fa0/17, Fa0/18, Fa0/19
                                                Fa0/20, Fa0/21, Fa0/22, Fa0/23
                                                Fa0/24
100  BUENOS                           active    Fa0/2, Fa0/4, Fa0/6, Fa0/8
                                                Fa0/10
200  MALOS                            active    Fa0/1, Fa0/3, Fa0/5, Fa0/7
                                                Fa0/9, Fa0/11
1002 fddi-default                     active    
1003 token-ring-default               active    
1004 fddinet-default                  active    
1005 trnet-default                    active    
JUANITO#conf t
Enter configuration commands, one per line.  End with CNTL/Z.
JUANITO(config)#int range fa 0/12-23
JUANITO(config-if-range)#sw
JUANITO(config-if-range)#switchport mode
JUANITO(config-if-range)#switchport mode ac
JUANITO(config-if-range)#switchport mode access 
JUANITO(config-if-range)#swit
JUANITO(config-if-range)#switchport access vlan KAILEN
                                                ^
% Invalid input detected at '^' marker.
	
JUANITO(config-if-range)#switchport access vlan KAILEN
                                                ^
% Invalid input detected at '^' marker.
	
JUANITO(config-if-range)#switchport access vlan 300
% Access VLAN does not exist. Creating vlan 300
JUANITO(config-if-range)#VLAN 300
JUANITO(config-vlan)#name KAILEN
JUANITO(config-vlan)#exit
JUANITO(config)#int range fa 0/12-23
JUANITO(config-if-range)#switchport mode access 
JUANITO(config-if-range)#switchport access vlan 300
JUANITO(config-if-range)#exit
JUANITO(config)#exit
JUANITO#
%SYS-5-CONFIG_I: Configured from console by console

JUANITO#show vlan brief

VLAN Name                             Status    Ports
---- -------------------------------- --------- -------------------------------
1    default                          active    Fa0/24
100  BUENOS                           active    Fa0/2, Fa0/4, Fa0/6, Fa0/8
                                                Fa0/10
200  MALOS                            active    Fa0/1, Fa0/3, Fa0/5, Fa0/7
                                                Fa0/9, Fa0/11
300  KAILEN                           active    Fa0/12, Fa0/13, Fa0/14, Fa0/15
                                                Fa0/16, Fa0/17, Fa0/18, Fa0/19
                                                Fa0/20, Fa0/21, Fa0/22, Fa0/23
1002 fddi-default                     active    
1003 token-ring-default               active    
1004 fddinet-default                  active    
1005 trnet-default                    active    
JUANITO#ena
JUANITO#conf t
Enter configuration commands, one per line.  End with CNTL/Z.
JUANITO(config)#int range fa 0/12-24
JUANITO(config-if-range)#switchport mode access 
JUANITO(config-if-range)#switchport access vlan 300
JUANITO(config-if-range)#exit
JUANITO(config)#exit
JUANITO#
%SYS-5-CONFIG_I: Configured from console by console

JUANITO#sh vlan brief

VLAN Name                             Status    Ports
---- -------------------------------- --------- -------------------------------
1    default                          active    
100  BUENOS                           active    Fa0/2, Fa0/4, Fa0/6, Fa0/8
                                                Fa0/10
200  MALOS                            active    Fa0/1, Fa0/3, Fa0/5, Fa0/7
                                                Fa0/9, Fa0/11
300  KAILEN                           active    Fa0/12, Fa0/13, Fa0/14, Fa0/15
                                                Fa0/16, Fa0/17, Fa0/18, Fa0/19
                                                Fa0/20, Fa0/21, Fa0/22, Fa0/23
                                                Fa0/24
1002 fddi-default                     active    
1003 token-ring-default               active    
1004 fddinet-default                  active    
1005 trnet-default                    active    
JUANITO#
JUANITO#ena
JUANITO#conf t
Enter configuration commands, one per line.  End with CNTL/Z.
JUANITO(config)#do wr
Building configuration...
[OK]
JUANITO(config)#
JUANITO(config)#
JUANITO#
%SYS-5-CONFIG_I: Configured from console by console

JUANITO#
JUANITO#