         --- System Configuration Dialog ---

Would you like to enter the initial configuration dialog? [yes/no]: n


Press RETURN to get started!



Router>
Router>
Router>ena
Router#conf t
Enter configuration commands, one per line.  End with CNTL/Z.
Router(config)#
Router(config)#int fa 0/0
Router(config-if)#aip add 192.168.10.1 255.255.255.0
                   ^
% Invalid input detected at '^' marker.
	
Router(config-if)#ip add 192.168.10.1 255.255.255.0
Router(config-if)#no sh

Router(config-if)#
%LINK-5-CHANGED: Interface FastEthernet0/0, changed state to up

%LINEPROTO-5-UPDOWN: Line protocol on Interface FastEthernet0/0, changed state to up

Router(config-if)#exit
Router(config)#inte se 0/1/0
Router(config-if)#ip add 1.1.1.1 255.255.255.252
Router(config-if)#no sh

%LINK-5-CHANGED: Interface Serial0/1/0, changed state to down
Router(config-if)#
Router(config-if)#
Router(config-if)#exit
Router(config)#
Router(config)#ip route 192.168.20.0 255.255.255.0 1.1.1.2
Router(config)#
Router(config)#exit
Router#
%SYS-5-CONFIG_I: Configured from console by console

Router#
Router#wr
Building configuration...
[OK]
Router#
Router#