Press RETURN to get started!



Router>
Router>ena
Router#conf t
Enter configuration commands, one per line.  End with CNTL/Z.
Router(config)#
Router(config)#
Router(config)#int fa 0/0
Router(config-if)#ip add 192.168.3.1 255.255.255.0
Router(config-if)#no sh

Router(config-if)#
%LINK-5-CHANGED: Interface FastEthernet0/0, changed state to up

%LINEPROTO-5-UPDOWN: Line protocol on Interface FastEthernet0/0, changed state to up

Router(config-if)#
Router(config-if)#exit
Router(config)#
Router(config)#int se 0/0/1
Router(config-if)#ip add 4.4.4.4 255.255.255.248
Router(config-if)#no sh

Router(config-if)#
%LINK-5-CHANGED: Interface Serial0/0/1, changed state to up

Router(config-if)#
Router(config-if)#
%LINEPROTO-5-UPDOWN: Line protocol on Interface Serial0/0/1, changed state to up

Router(config-if)#
Router(config-if)#clock rate 64000
Router(config-if)#exit
Router(config)#
Router(config)#int se 0/1/1
Router(config-if)#ip add 7.7.7.2 255.255.255.248
Router(config-if)#no sh

Router(config-if)#
%LINK-5-CHANGED: Interface Serial0/1/1, changed state to up

Router(config-if)#
Router(config-if)#
%LINEPROTO-5-UPDOWN: Line protocol on Interface Serial0/1/1, changed state to up

Router(config-if)#exit
Router(config)#
Router(config)#int se 0/0/0
Router(config-if)#ip add 2.2.2.3 255.255.255.248
Router(config-if)#no sh

Router(config-if)#
%LINK-5-CHANGED: Interface Serial0/0/0, changed state to up

Router(config-if)#
%LINEPROTO-5-UPDOWN: Line protocol on Interface Serial0/0/0, changed state to up

Router(config-if)#clock rate 64000
Router(config-if)#exit
Router(config)#
Router(config)#do wr
Building configuration...
[OK]
Router(config)#
Router(config)#
Router(config)#
Router(config)#ip route 192.168.0.0 255.255.255.0 2.2.2.2
Router(config)#ip route 192.168.0.0 255.255.255.0 7.7.7.4
Router(config)#ip route 192.168.0.0 255.255.255.0 4.4.4.2
Router(config)#
Router(config)#ip route 192.168.1.0 255.255.255.0 2.2.2.2
Router(config)#ip route 192.168.1.0 255.255.255.0 7.7.7.4
Router(config)#ip route 192.168.1.0 255.255.255.0 4.4.4.2
Router(config)#
Router(config)#ip route 192.168.2.0 255.255.255.0 2.2.2.2
Router(config)#ip route 192.168.2.0 255.255.255.0 7.7.7.4
Router(config)#ip route 192.168.2.0 255.255.255.0 4.4.4.2
Router(config)#
Router(config)#ip route 192.168.4.0 255.255.255.0 2.2.2.2
Router(config)#ip route 192.168.4.0 255.255.255.0 7.7.7.4
Router(config)#ip route 192.168.4.0 255.255.255.0 4.4.4.2
Router(config)#
Router(config)#do sh ip router
sh ip router
           ^
% Invalid input detected at '^' marker.
	
Router(config)#do sh ip route
Codes: C - connected, S - static, I - IGRP, R - RIP, M - mobile, B - BGP
       D - EIGRP, EX - EIGRP external, O - OSPF, IA - OSPF inter area
       N1 - OSPF NSSA external type 1, N2 - OSPF NSSA external type 2
       E1 - OSPF external type 1, E2 - OSPF external type 2, E - EGP
       i - IS-IS, L1 - IS-IS level-1, L2 - IS-IS level-2, ia - IS-IS inter area
       * - candidate default, U - per-user static route, o - ODR
       P - periodic downloaded static route

Gateway of last resort is not set

     2.0.0.0/29 is subnetted, 1 subnets
C       2.2.2.0 is directly connected, Serial0/0/0
     4.0.0.0/29 is subnetted, 1 subnets
C       4.4.4.0 is directly connected, Serial0/0/1
     7.0.0.0/29 is subnetted, 1 subnets
C       7.7.7.0 is directly connected, Serial0/1/1
S    192.168.0.0/24 [1/0] via 2.2.2.2
                    [1/0] via 7.7.7.4
                    [1/0] via 4.4.4.2
S    192.168.1.0/24 [1/0] via 2.2.2.2
                    [1/0] via 7.7.7.4
                    [1/0] via 4.4.4.2
S    192.168.2.0/24 [1/0] via 2.2.2.2
                    [1/0] via 7.7.7.4
                    [1/0] via 4.4.4.2
C    192.168.3.0/24 is directly connected, FastEthernet0/0
S    192.168.4.0/24 [1/0] via 2.2.2.2
                    [1/0] via 7.7.7.4
                    [1/0] via 4.4.4.2

Router(config)#
Router(config)#do wr
Building configuration...
[OK]
Router(config)#
Router(config)#