Press RETURN to get started!



Router>
Router>ena
Router#conf t
Enter configuration commands, one per line.  End with CNTL/Z.
Router(config)#
Router(config)#
Router(config)#int fa 0/0
Router(config-if)#ip add 192.168.2.1 255.255.255.248
Router(config-if)#no sh

Router(config-if)#
%LINK-5-CHANGED: Interface FastEthernet0/0, changed state to up

%LINEPROTO-5-UPDOWN: Line protocol on Interface FastEthernet0/0, changed state to up

Router(config-if)#
Router(config-if)#exit
Router(config)#
Router(config)#int 0/0/1
                   ^
% Invalid input detected at '^' marker.
	
Router(config)#int se 0/0/1
Router(config-if)#ip add 4.4.4.2 255.255.255.248
Router(config-if)#no sh

%LINK-5-CHANGED: Interface Serial0/0/1, changed state to down
Router(config-if)#
Router(config-if)#exit
Router(config)#
Router(config)#int se 0/1/0
Router(config-if)#ip add 6.6.6.3 255.255.255.248
Router(config-if)#no sh

Router(config-if)#
%LINK-5-CHANGED: Interface Serial0/1/0, changed state to up

Router(config-if)#
Router(config-if)#exit
Router(config)#
Router(config)#int se 
%LINEPROTO-5-UPDOWN: Line protocol on Interface Serial0/1/0, changed state to up

% Incomplete command.
Router(config)#
Router(config)#int se 0/1/1
Router(config-if)#ip add 1.1.1.4 255.255.255.248
Router(config-if)#no sh

Router(config-if)#
%LINK-5-CHANGED: Interface Serial0/1/1, changed state to up

Router(config-if)#
Router(config-if)#exit
Router(config)#
Router(config)#
%LINEPROTO-5-UPDOWN: Line protocol on Interface Serial0/1/1, changed state to up

Router(config)#
Router(config)#do wr
Building configuration...
[OK]
Router(config)#
Router(config)#hostname R2
R2(config)#
R2(config)#do wr
Building configuration...
[OK]
R2(config)#
R2(config)#
R2(config)#ip route 192.168.0.0 255.255.255.0 1.1.1.2
R2(config)#ip route 192.168.0.0 255.255.255.0 6.6.6.5
R2(config)#ip route 192.168.0.0 255.255.255.0 4.4.4.5
R2(config)#
R2(config)#ip route 192.168.1.0 255.255.255.0 1.1.1.2
R2(config)#ip route 192.168.1.0 255.255.255.0 6.6.6.5
R2(config)#ip route 192.168.1.0 255.255.255.0 4.4.4.5
R2(config)#
R2(config)#ip route 192.168.3.0 255.255.255.0 1.1.1.2
R2(config)#ip route 192.168.3.0 255.255.255.0 6.6.6.5
R2(config)#ip route 192.168.3.0 255.255.255.0 4.4.4.5
R2(config)#
R2(config)#ip route 192.168.4.0 255.255.255.0 1.1.1.2
R2(config)#ip route 192.168.4.0 255.255.255.0 6.6.6.5
R2(config)#ip route 192.168.4.0 255.255.255.0 4.4.4.5
R2(config)#
R2(config)#do sh ip route
Codes: C - connected, S - static, I - IGRP, R - RIP, M - mobile, B - BGP
       D - EIGRP, EX - EIGRP external, O - OSPF, IA - OSPF inter area
       N1 - OSPF NSSA external type 1, N2 - OSPF NSSA external type 2
       E1 - OSPF external type 1, E2 - OSPF external type 2, E - EGP
       i - IS-IS, L1 - IS-IS level-1, L2 - IS-IS level-2, ia - IS-IS inter area
       * - candidate default, U - per-user static route, o - ODR
       P - periodic downloaded static route

Gateway of last resort is not set

     1.0.0.0/29 is subnetted, 1 subnets
C       1.1.1.0 is directly connected, Serial0/1/1
     4.0.0.0/29 is subnetted, 1 subnets
C       4.4.4.0 is directly connected, Serial0/0/1
     6.0.0.0/29 is subnetted, 1 subnets
C       6.6.6.0 is directly connected, Serial0/1/0
S    192.168.0.0/24 [1/0] via 1.1.1.2
                    [1/0] via 6.6.6.5
                    [1/0] via 4.4.4.5
S    192.168.1.0/24 [1/0] via 1.1.1.2
                    [1/0] via 6.6.6.5
                    [1/0] via 4.4.4.5
     192.168.2.0/29 is subnetted, 1 subnets
C       192.168.2.0 is directly connected, FastEthernet0/0
S    192.168.3.0/24 [1/0] via 1.1.1.2
                    [1/0] via 6.6.6.5
                    [1/0] via 4.4.4.5
S    192.168.4.0/24 [1/0] via 1.1.1.2
                    [1/0] via 6.6.6.5
                    [1/0] via 4.4.4.5

R2(config)#
R2(config)#do wr
Building configuration...
[OK]
R2(config)#
R2(config)#int fa 0/0
R2(config-if)#sh

R2(config-if)#
%LINK-5-CHANGED: Interface FastEthernet0/0, changed state to administratively down

%LINEPROTO-5-UPDOWN: Line protocol on Interface FastEthernet0/0, changed state to down

R2(config-if)#
R2(config-if)#no ip add 192.168.2.1 255.255.255.248
R2(config-if)#ip add 192.168.2.1 255.255.255.0
R2(config-if)#no sh

R2(config-if)#
%LINK-5-CHANGED: Interface FastEthernet0/0, changed state to up

%LINEPROTO-5-UPDOWN: Line protocol on Interface FastEthernet0/0, changed state to up

R2(config-if)#
R2(config-if)#exot
                ^
% Invalid input detected at '^' marker.
	
R2(config-if)#
R2(config-if)#exit
R2(config)#
R2(config)#do sh ip route
Codes: C - connected, S - static, I - IGRP, R - RIP, M - mobile, B - BGP
       D - EIGRP, EX - EIGRP external, O - OSPF, IA - OSPF inter area
       N1 - OSPF NSSA external type 1, N2 - OSPF NSSA external type 2
       E1 - OSPF external type 1, E2 - OSPF external type 2, E - EGP
       i - IS-IS, L1 - IS-IS level-1, L2 - IS-IS level-2, ia - IS-IS inter area
       * - candidate default, U - per-user static route, o - ODR
       P - periodic downloaded static route

Gateway of last resort is not set

     1.0.0.0/29 is subnetted, 1 subnets
C       1.1.1.0 is directly connected, Serial0/1/1
     4.0.0.0/29 is subnetted, 1 subnets
C       4.4.4.0 is directly connected, Serial0/0/1
     6.0.0.0/29 is subnetted, 1 subnets
C       6.6.6.0 is directly connected, Serial0/1/0
S    192.168.0.0/24 [1/0] via 1.1.1.2
                    [1/0] via 6.6.6.5
                    [1/0] via 4.4.4.5
S    192.168.1.0/24 [1/0] via 1.1.1.2
                    [1/0] via 6.6.6.5
                    [1/0] via 4.4.4.5
C    192.168.2.0/24 is directly connected, FastEthernet0/0
S    192.168.3.0/24 [1/0] via 1.1.1.2
                    [1/0] via 6.6.6.5
                    [1/0] via 4.4.4.5
S    192.168.4.0/24 [1/0] via 1.1.1.2
                    [1/0] via 6.6.6.5
                    [1/0] via 4.4.4.5

R2(config)#
R2(config)#do wr
Building configuration...
[OK]
R2(config)#
R2(config)#